[
    {
        "name": "MatchTreeMatrixWrangler",
        "version": "1.0",
        "changes": {
            "1": {
                "purged": {
                    "count": 10,
                    "species": [
                        "Asimitellaria pauciflora",
                        "Brewerimitella breweri",
                        "Heuchera rubescens versicolor",
                        "Asimitellaria stylosa",
                        "Mitellastra caulescens",
                        "Pectiantia pentandra",
                        "Brewerimitella ovalis",
                        "Peltoboykinia tellimoides",
                        "Asimitellaria furusei",
                        "Ozomelis stauropetala"
                    ]
                }
            }
        }
    },
    {
        "input_matrix": {
            "file": "/volumes/data/input/heuchera_rfolk_1deg_global.lmm",
            "height": 54000,
            "width": 62
        }
    },
    {
        "output_matrix": {
            "file": "/volumes/output/heuchera_rfolk_1deg_global_matchtree.lmm",
            "height": 54000,
            "width": 52
        }
    }
]