[
    {
        "name": "MatchTreeMatrixWrangler",
        "version": "1.0",
        "changes": {
            "1": {
                "purged": {
                    "count": 10,
                    "species": [
                        "Asimitellaria pauciflora",
                        "Brewerimitella breweri",
                        "Heuchera rubescens versicolor",
                        "Asimitellaria stylosa",
                        "Mitellastra caulescens",
                        "Pectiantia pentandra",
                        "Brewerimitella ovalis",
                        "Peltoboykinia tellimoides",
                        "Asimitellaria furusei",
                        "Ozomelis stauropetala"
                    ]
                }
            }
        }
    },
    {
        "name": "PurgeEmptySlicesWrangler",
        "version": "1.0",
        "changes": {
            "0": {
                "purged": 51930
            },
            "1": {
                "purged": 7
            }
        }
    }
]